// Jest Snapshot v1, https://goo.gl/fbAQLP

exports[`Pruebas en <AddCategory.js /> Debe de mostrarse correctamente  1`] = `
<form
  onSubmit={[Function]}
>
  <input
    className="animate__animated animate__fadeIn"
    onChange={[Function]}
    type="text"
    value=""
  />
</form>
`;
