// Jest Snapshot v1, https://goo.gl/fbAQLP

exports[`Pruebas en <GifGridItem.js /> Debe de mostrar el componente correctamente 1`] = `
<div
  className="card animate__animated animate__fadeIn"
>
  <div
    className="img"
  >
    <img
      alt="Un Titulo"
      src="https://localhost/algo.jpg"
    />
    <p>
       
       
    </p>
  </div>
</div>
`;
